main.c:98:6:displayNumer	16	static
main.c:217:6:convertDouble10000	16	static
main.c:230:6:convertDouble1000	24	static
main.c:243:6:convertDouble100	24	static
main.c:256:6:convertDouble10	24	static
main.c:269:6:convertDouble	16	static
main.c:289:10:calculatePWMValue	16	static
main.c:323:5:main	8	static
main.c:388:6:SystemClock_Config	88	static
main.c:433:13:MX_ADC1_Init	24	static
main.c:483:13:MX_TIM2_Init	32	static
main.c:528:13:MX_TIM4_Init	64	static
main.c:587:13:MX_TIM10_Init	8	static
main.c:618:13:MX_USART2_UART_Init	8	static
main.c:649:13:MX_DMA_Init	16	static
main.c:671:13:MX_GPIO_Init	48	static
main.c:761:6:HAL_TIM_PeriodElapsedCallback	32	static
main.c:785:6:HAL_ADC_ConvCpltCallback	16	static
main.c:789:6:HAL_UART_TxCpltCallback	16	static
main.c:799:6:Error_Handler	4	static
